App.tsx(3,10): error TS6133: 'Category' is declared but its value is never read.
App.tsx(3,26): error TS6133: 'AppNotification' is declared but its value is never read.
App.tsx(3,43): error TS6133: 'SortOption' is declared but its value is never read.
App.tsx(22,11): error TS6133: 'filteredProducts' is declared but its value is never read.
App.tsx(28,10): error TS6133: 'searchQuery' is declared but its value is never read.
App.tsx(28,23): error TS6133: 'setSearchQuery' is declared but its value is never read.
components/AdminDashboard.tsx(3,60): error TS6133: 'BarChart3' is declared but its value is never read.
components/AdminDashboard.tsx(3,83): error TS6133: 'MousePointerClick' is declared but its value is never read.
components/AdminDashboard.tsx(3,102): error TS6133: 'Layout' is declared but its value is never read.
components/AdminDashboard.tsx(3,110): error TS6133: 'Type' is declared but its value is never read.
components/AdminDashboard.tsx(3,148): error TS6133: 'CheckCircle' is declared but its value is never read.
components/AdminDashboard.tsx(3,171): error TS6133: 'AlertCircle' is declared but its value is never read.
components/AdminDashboard.tsx(3,239): error TS6133: 'UserPlus' is declared but its value is never read.
components/AdminDashboard.tsx(3,269): error TS6133: 'Lock' is declared but its value is never read.
components/AdminDashboard.tsx(3,275): error TS6133: 'Key' is declared but its value is never read.
components/AdminDashboard.tsx(3,280): error TS6133: 'Server' is declared but its value is never read.
components/AdminDashboard.tsx(3,296): error TS6133: 'Upload' is declared but its value is never read.
components/AdminDashboard.tsx(3,304): error TS6133: 'Info' is declared but its value is never read.
components/AdminDashboard.tsx(3,310): error TS6133: 'ExternalLink' is declared but its value is never read.
components/AdminDashboard.tsx(3,324): error TS6133: 'CheckSquare' is declared but its value is never read.
components/AdminDashboard.tsx(3,337): error TS6133: 'Square' is declared but its value is never read.
components/AdminDashboard.tsx(3,345): error TS6133: 'FileCode' is declared but its value is never read.
components/AdminDashboard.tsx(3,355): error TS6133: 'Bold' is declared but its value is never read.
components/AdminDashboard.tsx(3,361): error TS6133: 'Italic' is declared but its value is never read.
components/AdminDashboard.tsx(3,387): error TS6133: 'Heading' is declared but its value is never read.
components/AdminDashboard.tsx(3,452): error TS6133: 'TypeIcon' is declared but its value is never read.
components/AdminDashboard.tsx(4,68): error TS6133: 'User' is declared but its value is never read.
components/AdminDashboard.tsx(4,74): error TS6133: 'DbConfig' is declared but its value is never read.
components/AdminDashboard.tsx(4,84): error TS6133: 'DbProvider' is declared but its value is never read.
components/AdminDashboard.tsx(6,70): error TS6133: 'generateProductImage' is declared but its value is never read.
components/AdminDashboard.tsx(6,92): error TS6133: 'improveProductDescription' is declared but its value is never read.
components/AdminDashboard.tsx(12,1): error TS6133: 'ProductCard' is declared but its value is never read.
components/AdminDashboard.tsx(55,5): error TS6133: 'onUpdateSiteContent' is declared but its value is never read.
components/AdminDashboard.tsx(56,5): error TS6133: 'dbStatus' is declared but its value is never read.
components/AdminDashboard.tsx(334,53): error TS2345: Argument of type '"settings"' is not assignable to parameter of type 'SetStateAction<"content" | "products" | "theme" | "users" | "config">'.
components/AdminDashboard.tsx(334,155): error TS2367: This comparison appears to be unintentional because the types '"content" | "products" | "theme" | "users" | "config"' and '"settings"' have no overlap.
components/AdminDashboard.tsx(334,365): error TS2367: This comparison appears to be unintentional because the types '"content" | "products" | "theme" | "users" | "config"' and '"settings"' have no overlap.
components/AdminDashboard.tsx(632,14): error TS2367: This comparison appears to be unintentional because the types '"content" | "products" | "theme" | "users" | "config"' and '"settings"' have no overlap.
components/AdminSettings.tsx(2,156): error TS6133: 'ToggleLeft' is declared but its value is never read.
components/AdminSettings.tsx(2,168): error TS6133: 'ToggleRight' is declared but its value is never read.
components/BlogPage.tsx(3,37): error TS6133: 'ShoppingCart' is declared but its value is never read.
components/ChatAssistant.tsx(2,10): error TS6133: 'MessageSquare' is declared but its value is never read.
components/ChatAssistant.tsx(3,1): error TS6133: 'Button' is declared but its value is never read.
components/LoginModal.tsx(13,74): error TS6133: 'onNavigateToSettings' is declared but its value is never read.
components/ProductModal.tsx(3,13): error TS6133: 'Send' is declared but its value is never read.
components/ProductModal.tsx(5,1): error TS6133: 'Button' is declared but its value is never read.
components/ProductModal.tsx(35,9): error TS6133: 'handleSubmitReview' is declared but its value is never read.
components/SettingsPage.tsx(3,52): error TS6133: 'Key' is declared but its value is never read.
components/SettingsPage.tsx(3,57): error TS6133: 'FileCode' is declared but its value is never read.
components/SettingsPage.tsx(3,73): error TS6133: 'Globe' is declared but its value is never read.
components/SettingsPage.tsx(3,80): error TS6133: 'Info' is declared but its value is never read.
components/SettingsPage.tsx(3,109): error TS6133: 'Image' is declared but its value is never read.
components/SettingsPage.tsx(11,21): error TS2339: Property 'env' does not exist on type 'ImportMeta'.
components/SettingsPage.tsx(12,26): error TS2339: Property 'env' does not exist on type 'ImportMeta'.
components/SettingsPage.tsx(26,10): error TS6133: 'saveStatus' is declared but its value is never read.
components/SettingsPage.tsx(187,103): error TS2304: Cannot find name 'FileText'.
components/UserManagement.tsx(126,11): error TS6133: 'getRoleBadge' is declared but its value is never read.
services/geminiService.ts(110,18): error TS18047: 'ai' is possibly 'null'.
services/geminiService.ts(147,28): error TS18047: 'ai' is possibly 'null'.
services/geminiService.ts(197,28): error TS18047: 'ai' is possibly 'null'.
services/geminiService.ts(251,28): error TS18047: 'ai' is possibly 'null'.
services/geminiService.ts(330,28): error TS18047: 'ai' is possibly 'null'.
services/geminiService.ts(436,28): error TS18047: 'ai' is possibly 'null'.
services/geminiService.ts(472,28): error TS18047: 'ai' is possibly 'null'.
services/geminiService.ts(507,28): error TS18047: 'ai' is possibly 'null'.
src/hooks/useAuth.ts(1,31): error TS6133: 'useCallback' is declared but its value is never read.
src/hooks/useProducts.ts(1,20): error TS6133: 'useEffect' is declared but its value is never read.
src/hooks/useProducts.ts(4,1): error TS6133: 'PRODUCTS' is declared but its value is never read.
src/hooks/useProducts.ts(7,29): error TS6133: 'dbStatus' is declared but its value is never read.
src/hooks/useProducts.ts(7,76): error TS6133: 'userRole' is declared but its value is never read.
src/pages/DashboardPage.tsx(11,23): error TS6133: 'setActiveTab' is declared but its value is never read.
src/pages/HomePage.tsx(3,15): error TS6133: 'Search' is declared but its value is never read.
src/pages/HomePage.tsx(17,28): error TS6133: 'searchQuery' is declared but its value is never read.
src/utils/logger.ts(8,6): error TS6196: 'LogLevel' is declared but never used.
src/utils/validators.ts(1,35): error TS2307: Cannot find module '../types' or its corresponding type declarations.
supabase/service.ts(21,79): error TS6133: 'event' is declared but its value is never read.
